Traceback (most recent call last):
  File "D:\VISOR_APS_TL\backend\routes\digital_twin.py", line 1002, in get_lob_data
    cur.execute("""
    ~~~~~~~~~~~^^^^
        INSERT INTO lob_schedule_tasks (task_name, color, date_range, pk_range)
        ^^^^^^^^^^^^^^^^^^^^^^^^^^^^^^^^^^^^^^^^^^^^^^^^^^^^^^^^^^^^^^^^^^^^^^^
    ...<2 lines>...
            ('Base', '#9c27b0', '[2024-01-05, 2024-01-20]', '[0, 300]')
            ^^^^^^^^^^^^^^^^^^^^^^^^^^^^^^^^^^^^^^^^^^^^^^^^^^^^^^^^^^^
    """)
    ^^^^
psycopg2.errors.UndefinedColumn: column "date_range" of relation "lob_schedule_tasks" does not exist
LINE 2: ...INSERT INTO lob_schedule_tasks (task_name, color, date_range...
                                                             ^

